09/05/26 02:50:15 PM - automation - INFO - account_registration is started
09/05/26 02:50:20 PM - automation - INFO - Account Registration Successful
09/05/26 03:44:28 PM - automation - INFO - account_registration is started
09/05/26 03:44:36 PM - automation - INFO - Account Registration Successful
09/05/26 03:46:17 PM - automation - INFO - account_registration is started
09/05/26 05:24:37 PM - automation - INFO - account_registration is started
09/05/26 05:24:43 PM - automation - INFO - Account Registration Successful
09/05/26 05:33:51 PM - automation - INFO - account_registration is started
09/05/26 05:33:58 PM - automation - INFO - Account Registration Successful
09/05/26 05:41:44 PM - automation - INFO - account_registration is started
09/05/26 05:41:48 PM - automation - INFO - Account Registration Successful
09/05/26 06:24:13 PM - automation - INFO - account_registration is started
09/05/26 06:24:20 PM - automation - INFO - Account Registration Successful
09/05/26 06:25:44 PM - automation - INFO - account_registration is started
09/05/26 06:26:02 PM - automation - INFO - account_registration is started
09/05/26 06:26:06 PM - automation - INFO - Account Registration Successful
09/08/26 11:50:31 AM - automation - INFO - account logging is started
09/08/26 11:51:44 AM - automation - INFO - account_registration is started
09/08/26 11:51:50 AM - automation - INFO - Account Registration Successful
09/08/26 11:52:03 AM - automation - INFO - account logging is started
09/08/26 11:52:55 AM - automation - INFO - account_registration is started
09/08/26 11:53:22 AM - automation - INFO - Account Registration Successful
09/08/26 11:53:35 AM - automation - INFO - account logging is started
09/08/26 11:54:05 AM - automation - INFO - account_registration is started
09/08/26 11:54:11 AM - automation - INFO - Account Registration Successful
09/08/26 11:54:21 AM - automation - INFO - account logging is started
09/08/26 11:55:10 AM - automation - INFO - account_registration is started
09/08/26 11:55:16 AM - automation - INFO - Account Registration Successful
09/08/26 11:55:25 AM - automation - INFO - account logging is started
09/08/26 11:59:34 AM - automation - INFO - account_registration is started
09/08/26 11:59:40 AM - automation - INFO - Account Registration Successful
09/08/26 11:59:50 AM - automation - INFO - account logging is started
09/08/26 12:03:44 PM - automation - INFO - account_registration is started
09/08/26 12:03:57 PM - automation - INFO - Account Registration Successful
09/08/26 12:04:08 PM - automation - INFO - account logging is started
09/08/26 12:07:57 PM - automation - INFO - account_registration is started
09/08/26 12:08:03 PM - automation - INFO - Account Registration Successful
09/08/26 12:08:12 PM - automation - INFO - account logging is started
09/08/26 12:10:59 PM - automation - INFO - account_registration is started
09/08/26 12:11:04 PM - automation - INFO - Account Registration Successful
09/08/26 12:11:16 PM - automation - INFO - account logging is started
09/08/26 12:20:35 PM - automation - INFO - account_registration is started
09/08/26 12:20:41 PM - automation - INFO - Account Registration Successful
09/08/26 12:20:51 PM - automation - INFO - account logging is started
09/08/26 12:23:05 PM - automation - INFO - account_registration is started
09/08/26 12:23:10 PM - automation - INFO - Account Registration Successful
09/08/26 12:23:20 PM - automation - INFO - account logging is started
09/08/26 12:24:32 PM - automation - INFO - account_registration is started
09/08/26 12:24:37 PM - automation - INFO - Account Registration Successful
09/08/26 12:24:47 PM - automation - INFO - account logging is started
09/08/26 12:25:45 PM - automation - INFO - account_registration is started
09/08/26 12:25:50 PM - automation - INFO - Account Registration Successful
09/08/26 12:25:59 PM - automation - INFO - account logging is started
09/08/26 12:27:19 PM - automation - INFO - account_registration is started
09/08/26 12:27:25 PM - automation - INFO - Account Registration Successful
09/08/26 12:27:34 PM - automation - INFO - account logging is started
09/08/26 12:31:38 PM - automation - INFO - account_registration is started
09/08/26 12:31:44 PM - automation - INFO - Account Registration Successful
09/08/26 12:31:54 PM - automation - INFO - account logging is started
09/08/26 12:31:58 PM - automation - ERROR - account not logged in
09/08/26 12:32:45 PM - automation - INFO - account_registration is started
09/08/26 12:32:54 PM - automation - INFO - Account Registration Successful
09/08/26 12:33:04 PM - automation - INFO - account logging is started
09/08/26 12:33:08 PM - automation - ERROR - account not logged in
09/08/26 12:33:08 PM - automation - INFO - Login test ended
09/08/26 12:33:58 PM - automation - INFO - account_registration is started
09/08/26 12:34:03 PM - automation - INFO - Account Registration Successful
09/08/26 12:34:12 PM - automation - INFO - account logging is started
09/08/26 12:34:17 PM - automation - ERROR - account not logged in
09/08/26 12:38:40 PM - automation - INFO - account_registration is started
09/08/26 12:38:47 PM - automation - INFO - Account Registration Successful
09/08/26 12:38:56 PM - automation - INFO - account logging is started
09/08/26 12:39:00 PM - automation - ERROR - account not logged in
09/08/26 12:39:16 PM - automation - INFO - account_registration is started
09/08/26 12:39:29 PM - automation - INFO - account logging is started
09/08/26 12:39:32 PM - automation - ERROR - account not logged in
09/08/26 12:40:14 PM - automation - INFO - account_registration is started
09/08/26 12:40:19 PM - automation - INFO - Account Registration Successful
09/08/26 12:40:28 PM - automation - INFO - account logging is started
09/08/26 12:40:31 PM - automation - ERROR - account not logged in
09/08/26 12:40:31 PM - automation - INFO - Login test ended
09/08/26 12:46:59 PM - automation - INFO - account_registration is started
09/08/26 12:47:08 PM - automation - INFO - Account Registration Successful
09/08/26 12:47:16 PM - automation - INFO - account logging is started
09/08/26 12:47:20 PM - automation - ERROR - account not logged in
09/08/26 12:47:20 PM - automation - INFO - Login test ended
09/08/26 12:48:04 PM - automation - INFO - account logging is started
09/08/26 12:48:19 PM - automation - ERROR - account not logged in
09/08/26 12:48:19 PM - automation - INFO - Login test ended
09/08/26 12:52:42 PM - automation - INFO - account logging is started
09/08/26 12:52:56 PM - automation - ERROR - account not logged in
09/08/26 12:56:05 PM - automation - INFO - account logging is started
09/08/26 12:56:18 PM - automation - ERROR - account not logged in
09/08/26 12:59:08 PM - automation - INFO - account logging is started
09/08/26 12:59:13 PM - automation - INFO - account logged in
09/08/26 12:59:14 PM - automation - INFO - Login test ended
09/08/26 12:59:30 PM - automation - INFO - account logging is started
09/08/26 12:59:33 PM - automation - INFO - account logged in
09/08/26 12:59:34 PM - automation - INFO - Login test ended
09/08/26 01:00:04 PM - automation - INFO - account_registration is started
09/08/26 01:00:10 PM - automation - INFO - Account Registration Successful
09/08/26 01:00:20 PM - automation - INFO - account logging is started
09/08/26 01:00:24 PM - automation - INFO - account logged in
09/08/26 01:00:25 PM - automation - INFO - Login test ended
09/08/26 01:06:25 PM - automation - INFO - account_registration is started
09/08/26 01:06:34 PM - automation - INFO - Account Registration Successful
09/08/26 01:06:46 PM - automation - INFO - account logging is started
09/08/26 01:07:00 PM - automation - ERROR - account not logged in
09/08/26 01:09:43 PM - automation - INFO - account_registration is started
09/08/26 01:09:52 PM - automation - INFO - Account Registration Successful
09/08/26 01:10:04 PM - automation - INFO - account logging is started
09/08/26 01:10:12 PM - automation - INFO - account logged in
09/08/26 01:11:04 PM - automation - INFO - account_registration is started
09/08/26 01:11:15 PM - automation - INFO - Account Registration Successful
09/08/26 01:11:27 PM - automation - INFO - account logging is started
09/08/26 01:11:33 PM - automation - INFO - account logged in
09/08/26 01:11:35 PM - automation - INFO - Login test ended
09/08/26 03:26:18 PM - automation - INFO - account_registration is started
09/08/26 03:26:28 PM - automation - INFO - Account Registration Successful
09/08/26 03:26:37 PM - automation - INFO - account logging is started
09/08/26 03:26:41 PM - automation - INFO - account logged in
09/08/26 03:26:41 PM - automation - INFO - Login test ended
09/08/26 03:26:48 PM - automation - INFO - Starting test_login_dtt
09/08/26 03:33:01 PM - automation - INFO - account_registration is started
09/08/26 03:33:07 PM - automation - INFO - Account Registration Successful
09/08/26 03:33:15 PM - automation - INFO - account logging is started
09/08/26 03:33:19 PM - automation - INFO - account logged in
09/08/26 03:33:19 PM - automation - INFO - Login test ended
09/08/26 03:33:26 PM - automation - INFO - Starting test_login_dtt
09/08/26 03:35:21 PM - automation - INFO - account_registration is started
09/08/26 03:35:26 PM - automation - INFO - Account Registration Successful
09/08/26 03:35:35 PM - automation - INFO - account logging is started
09/08/26 03:35:38 PM - automation - INFO - account logged in
09/08/26 03:35:39 PM - automation - INFO - Login test ended
09/08/26 03:35:45 PM - automation - INFO - Starting test_login_dtt
09/08/26 03:46:19 PM - automation - INFO - Starting test_login_dtt
09/08/26 03:46:46 PM - automation - INFO - Starting test_login_dtt
09/08/26 03:48:09 PM - automation - INFO - Starting test_login_dtt
09/08/26 03:48:54 PM - automation - INFO - Starting test_login_dtt
09/08/26 03:51:22 PM - automation - INFO - Starting test_login_dtt
09/08/26 03:52:44 PM - automation - INFO - Starting test_login_dtt
09/08/26 03:53:18 PM - automation - INFO - Starting test_login_dtt
09/08/26 03:53:56 PM - automation - INFO - Starting test_login_dtt
09/08/26 03:57:03 PM - automation - INFO - Starting test_login_dtt
09/08/26 04:02:07 PM - automation - INFO - Starting test_login_dtt
09/08/26 04:03:35 PM - automation - INFO - Starting test_login_dtt
09/08/26 04:04:21 PM - automation - INFO - Starting test_login_dtt
09/08/26 04:04:49 PM - automation - INFO - Starting test_login_dtt
09/08/26 04:12:24 PM - automation - INFO - Starting test_login_dtt
09/08/26 04:13:25 PM - automation - INFO - Starting test_login_dtt
09/08/26 04:14:13 PM - automation - INFO - Starting test_login_dtt
09/08/26 04:14:44 PM - automation - INFO - Starting test_login_dtt
09/08/26 04:16:13 PM - automation - INFO - Starting test_login_dtt
09/08/26 04:22:10 PM - automation - INFO - Starting test_login_dtt
09/08/26 04:23:19 PM - automation - INFO - Starting test_login_dtt
09/08/26 04:24:18 PM - automation - INFO - Starting test_login_dtt
09/08/26 04:37:02 PM - automation - INFO - Starting test_login_dtt
09/08/26 04:37:42 PM - automation - INFO - end test_login_dtt
09/08/26 04:38:14 PM - automation - INFO - Starting test_login_dtt
09/08/26 04:38:53 PM - automation - INFO - end test_login_dtt
09/08/26 04:43:03 PM - automation - INFO - account_registration is started
09/08/26 04:43:09 PM - automation - INFO - Account Registration Successful
09/08/26 04:43:18 PM - automation - INFO - Starting test_login_dtt
09/08/26 04:43:51 PM - automation - INFO - end test_login_dtt
